[
  [],
  [
    {
      "Name": "containuum-test1",
      "Image": "alpine:latest",
      "State": "running"
    }
  ],
  [
    {
      "Name": "containuum-test2",
      "Image": "alpine:latest",
      "State": "running"
    },
    {
      "Name": "containuum-test1",
      "Image": "alpine:latest",
      "State": "running"
    }
  ],
  [
    {
      "Name": "containuum-test2",
      "Image": "alpine:latest",
      "State": "running"
    }
  ],
  []
]